Archive member included because of file (symbol)

c:/program files (x86)/atmel/atmel studio 6.0/extensions/atmel/avrgcc/3.4.1.95/avrtoolchain/bin/../lib/gcc/avr/4.6.2/avr5\libgcc.a(_exit.o)
                              c:/program files (x86)/atmel/atmel studio 6.0/extensions/atmel/avrgcc/3.4.1.95/avrtoolchain/bin/../lib/gcc/avr/4.6.2/../../../../avr/lib/avr5/crtm32.o (exit)
c:/program files (x86)/atmel/atmel studio 6.0/extensions/atmel/avrgcc/3.4.1.95/avrtoolchain/bin/../lib/gcc/avr/4.6.2/avr5\libgcc.a(_copy_data.o)
                              Dio_drives.o (__do_copy_data)
c:/program files (x86)/atmel/atmel studio 6.0/extensions/atmel/avrgcc/3.4.1.95/avrtoolchain/bin/../lib/gcc/avr/4.6.2/avr5\libgcc.a(_clear_bss.o)
                              Dio_drives.o (__do_clear_bss)

Allocating common symbols
Common symbol       size              file

arr                 0x5               great_safe_project.o

Memory Configuration

Name             Origin             Length             Attributes
text             0x00000000         0x00020000         xr
data             0x00800060         0x0000ffa0         rw !x
eeprom           0x00810000         0x00010000         rw !x
fuse             0x00820000         0x00000400         rw !x
lock             0x00830000         0x00000400         rw !x
signature        0x00840000         0x00000400         rw !x
*default*        0x00000000         0xffffffff

Linker script and memory map

LOAD c:/program files (x86)/atmel/atmel studio 6.0/extensions/atmel/avrgcc/3.4.1.95/avrtoolchain/bin/../lib/gcc/avr/4.6.2/../../../../avr/lib/avr5/crtm32.o
LOAD Dio_drives.o
LOAD EEPROM drives.o
LOAD great_safe_project.o
LOAD kypad_drives.o
LOAD lcd_drives.o
LOAD motor_drives.o
LOAD putton_drives.o
START GROUP
LOAD c:/program files (x86)/atmel/atmel studio 6.0/extensions/atmel/avrgcc/3.4.1.95/avrtoolchain/bin/../lib/gcc/avr/4.6.2/../../../../avr/lib/avr5\libm.a
END GROUP
LOAD c:/program files (x86)/atmel/atmel studio 6.0/extensions/atmel/avrgcc/3.4.1.95/avrtoolchain/bin/../lib/gcc/avr/4.6.2/avr5\libgcc.a
LOAD c:/program files (x86)/atmel/atmel studio 6.0/extensions/atmel/avrgcc/3.4.1.95/avrtoolchain/bin/../lib/gcc/avr/4.6.2/../../../../avr/lib/avr5\libc.a
LOAD c:/program files (x86)/atmel/atmel studio 6.0/extensions/atmel/avrgcc/3.4.1.95/avrtoolchain/bin/../lib/gcc/avr/4.6.2/avr5\libgcc.a

.hash
 *(.hash)

.dynsym
 *(.dynsym)

.dynstr
 *(.dynstr)

.gnu.version
 *(.gnu.version)

.gnu.version_d
 *(.gnu.version_d)

.gnu.version_r
 *(.gnu.version_r)

.rel.init
 *(.rel.init)

.rela.init
 *(.rela.init)

.rel.text
 *(.rel.text)
 *(.rel.text.*)
 *(.rel.gnu.linkonce.t*)

.rela.text
 *(.rela.text)
 *(.rela.text.*)
 *(.rela.gnu.linkonce.t*)

.rel.fini
 *(.rel.fini)

.rela.fini
 *(.rela.fini)

.rel.rodata
 *(.rel.rodata)
 *(.rel.rodata.*)
 *(.rel.gnu.linkonce.r*)

.rela.rodata
 *(.rela.rodata)
 *(.rela.rodata.*)
 *(.rela.gnu.linkonce.r*)

.rel.data
 *(.rel.data)
 *(.rel.data.*)
 *(.rel.gnu.linkonce.d*)

.rela.data
 *(.rela.data)
 *(.rela.data.*)
 *(.rela.gnu.linkonce.d*)

.rel.ctors
 *(.rel.ctors)

.rela.ctors
 *(.rela.ctors)

.rel.dtors
 *(.rel.dtors)

.rela.dtors
 *(.rela.dtors)

.rel.got
 *(.rel.got)

.rela.got
 *(.rela.got)

.rel.bss
 *(.rel.bss)

.rela.bss
 *(.rela.bss)

.rel.plt
 *(.rel.plt)

.rela.plt
 *(.rela.plt)

.text           0x00000000     0x1042
 *(.vectors)
 .vectors       0x00000000       0x54 c:/program files (x86)/atmel/atmel studio 6.0/extensions/atmel/avrgcc/3.4.1.95/avrtoolchain/bin/../lib/gcc/avr/4.6.2/../../../../avr/lib/avr5/crtm32.o
                0x00000000                __vector_default
                0x00000000                __vectors
 *(.vectors)
 *(.progmem.gcc*)
 *(.progmem*)
                0x00000054                . = ALIGN (0x2)
                0x00000054                __trampolines_start = .
 *(.trampolines)
 .trampolines   0x00000054        0x0 linker stubs
 *(.trampolines*)
                0x00000054                __trampolines_end = .
 *(.jumptables)
 *(.jumptables*)
 *(.lowtext)
 *(.lowtext*)
                0x00000054                __ctors_start = .
 *(.ctors)
                0x00000054                __ctors_end = .
                0x00000054                __dtors_start = .
 *(.dtors)
                0x00000054                __dtors_end = .
 SORT(*)(.ctors)
 SORT(*)(.dtors)
 *(.init0)
 .init0         0x00000054        0x0 c:/program files (x86)/atmel/atmel studio 6.0/extensions/atmel/avrgcc/3.4.1.95/avrtoolchain/bin/../lib/gcc/avr/4.6.2/../../../../avr/lib/avr5/crtm32.o
                0x00000054                __init
 *(.init0)
 *(.init1)
 *(.init1)
 *(.init2)
 .init2         0x00000054        0xc c:/program files (x86)/atmel/atmel studio 6.0/extensions/atmel/avrgcc/3.4.1.95/avrtoolchain/bin/../lib/gcc/avr/4.6.2/../../../../avr/lib/avr5/crtm32.o
 *(.init2)
 *(.init3)
 *(.init3)
 *(.init4)
 .init4         0x00000060       0x16 c:/program files (x86)/atmel/atmel studio 6.0/extensions/atmel/avrgcc/3.4.1.95/avrtoolchain/bin/../lib/gcc/avr/4.6.2/avr5\libgcc.a(_copy_data.o)
                0x00000060                __do_copy_data
 .init4         0x00000076       0x10 c:/program files (x86)/atmel/atmel studio 6.0/extensions/atmel/avrgcc/3.4.1.95/avrtoolchain/bin/../lib/gcc/avr/4.6.2/avr5\libgcc.a(_clear_bss.o)
                0x00000076                __do_clear_bss
 *(.init4)
 *(.init5)
 *(.init5)
 *(.init6)
 *(.init6)
 *(.init7)
 *(.init7)
 *(.init8)
 *(.init8)
 *(.init9)
 .init9         0x00000086        0x8 c:/program files (x86)/atmel/atmel studio 6.0/extensions/atmel/avrgcc/3.4.1.95/avrtoolchain/bin/../lib/gcc/avr/4.6.2/../../../../avr/lib/avr5/crtm32.o
 *(.init9)
 *(.text)
 .text          0x0000008e        0x4 c:/program files (x86)/atmel/atmel studio 6.0/extensions/atmel/avrgcc/3.4.1.95/avrtoolchain/bin/../lib/gcc/avr/4.6.2/../../../../avr/lib/avr5/crtm32.o
                0x0000008e                __vector_12
                0x0000008e                __bad_interrupt
                0x0000008e                __vector_6
                0x0000008e                __vector_3
                0x0000008e                __vector_11
                0x0000008e                __vector_13
                0x0000008e                __vector_17
                0x0000008e                __vector_19
                0x0000008e                __vector_7
                0x0000008e                __vector_5
                0x0000008e                __vector_4
                0x0000008e                __vector_9
                0x0000008e                __vector_15
                0x0000008e                __vector_8
                0x0000008e                __vector_14
                0x0000008e                __vector_10
                0x0000008e                __vector_16
                0x0000008e                __vector_18
                0x0000008e                __vector_20
 .text          0x00000092      0x68a Dio_drives.o
                0x00000092                dio_set_pin
                0x000001b4                dio_write_pin
                0x000002d6                dio_read_pin
                0x0000035e                dio_toggle_pin
                0x000003f8                dio_set_port
                0x00000436                dio_write_port
                0x00000474                dio_read_port
                0x000004b2                dio_toggle_port
                0x00000500                dio_pull_up_en
                0x0000064a                dio_write_lo_level
                0x000006b2                dio_write_hi_level
 .text          0x0000071c       0x1a EEPROM drives.o
                0x0000071c                EEPROM_write
                0x0000072c                EEPROM_read
 .text          0x00000736      0x51c great_safe_project.o
                0x00000736                main
                0x00000b80                __vector_1
                0x00000bec                __vector_2
 .text          0x00000c52      0x194 kypad_drives.o
                0x00000c52                keypad_init
                0x00000cd8                keypad_read
 .text          0x00000de6      0x1e2 lcd_drives.o
                0x00000e14                lcd_send_cmd
                0x00000e62                lcd_init
                0x00000efa                lcd_send_char
                0x00000f48                lcd_send_string
                0x00000f72                lcd_clrscrean
                0x00000f86                lcd_move_cursor
 .text          0x00000fc8       0x68 motor_drives.o
                0x00000fc8                motor_selective_mode_init
                0x00000fe2                clockwise
                0x00000ffc                anti_clockwise
                0x00001016                stop_motor
 .text          0x00001030        0xe putton_drives.o
                0x00001030                button_init
                0x00001038                button_read
 .text          0x0000103e        0x0 c:/program files (x86)/atmel/atmel studio 6.0/extensions/atmel/avrgcc/3.4.1.95/avrtoolchain/bin/../lib/gcc/avr/4.6.2/avr5\libgcc.a(_exit.o)
 .text          0x0000103e        0x0 c:/program files (x86)/atmel/atmel studio 6.0/extensions/atmel/avrgcc/3.4.1.95/avrtoolchain/bin/../lib/gcc/avr/4.6.2/avr5\libgcc.a(_copy_data.o)
 .text          0x0000103e        0x0 c:/program files (x86)/atmel/atmel studio 6.0/extensions/atmel/avrgcc/3.4.1.95/avrtoolchain/bin/../lib/gcc/avr/4.6.2/avr5\libgcc.a(_clear_bss.o)
                0x0000103e                . = ALIGN (0x2)
 *(.text.*)
 .text.libgcc   0x0000103e        0x0 c:/program files (x86)/atmel/atmel studio 6.0/extensions/atmel/avrgcc/3.4.1.95/avrtoolchain/bin/../lib/gcc/avr/4.6.2/avr5\libgcc.a(_exit.o)
 .text.libgcc   0x0000103e        0x0 c:/program files (x86)/atmel/atmel studio 6.0/extensions/atmel/avrgcc/3.4.1.95/avrtoolchain/bin/../lib/gcc/avr/4.6.2/avr5\libgcc.a(_copy_data.o)
 .text.libgcc   0x0000103e        0x0 c:/program files (x86)/atmel/atmel studio 6.0/extensions/atmel/avrgcc/3.4.1.95/avrtoolchain/bin/../lib/gcc/avr/4.6.2/avr5\libgcc.a(_clear_bss.o)
                0x0000103e                . = ALIGN (0x2)
 *(.fini9)
 .fini9         0x0000103e        0x0 c:/program files (x86)/atmel/atmel studio 6.0/extensions/atmel/avrgcc/3.4.1.95/avrtoolchain/bin/../lib/gcc/avr/4.6.2/avr5\libgcc.a(_exit.o)
                0x0000103e                _exit
                0x0000103e                exit
 *(.fini9)
 *(.fini8)
 *(.fini8)
 *(.fini7)
 *(.fini7)
 *(.fini6)
 *(.fini6)
 *(.fini5)
 *(.fini5)
 *(.fini4)
 *(.fini4)
 *(.fini3)
 *(.fini3)
 *(.fini2)
 *(.fini2)
 *(.fini1)
 *(.fini1)
 *(.fini0)
 .fini0         0x0000103e        0x4 c:/program files (x86)/atmel/atmel studio 6.0/extensions/atmel/avrgcc/3.4.1.95/avrtoolchain/bin/../lib/gcc/avr/4.6.2/avr5\libgcc.a(_exit.o)
 *(.fini0)
                0x00001042                _etext = .

.data           0x00800060       0x7e load address 0x00001042
                0x00800060                PROVIDE (__data_start, .)
 *(.data)
 .data          0x00800060        0x0 c:/program files (x86)/atmel/atmel studio 6.0/extensions/atmel/avrgcc/3.4.1.95/avrtoolchain/bin/../lib/gcc/avr/4.6.2/../../../../avr/lib/avr5/crtm32.o
 .data          0x00800060        0x0 Dio_drives.o
 .data          0x00800060        0x0 EEPROM drives.o
 .data          0x00800060       0x6e great_safe_project.o
 .data          0x008000ce       0x10 kypad_drives.o
 .data          0x008000de        0x0 lcd_drives.o
 .data          0x008000de        0x0 motor_drives.o
 .data          0x008000de        0x0 putton_drives.o
 .data          0x008000de        0x0 c:/program files (x86)/atmel/atmel studio 6.0/extensions/atmel/avrgcc/3.4.1.95/avrtoolchain/bin/../lib/gcc/avr/4.6.2/avr5\libgcc.a(_exit.o)
 .data          0x008000de        0x0 c:/program files (x86)/atmel/atmel studio 6.0/extensions/atmel/avrgcc/3.4.1.95/avrtoolchain/bin/../lib/gcc/avr/4.6.2/avr5\libgcc.a(_copy_data.o)
 .data          0x008000de        0x0 c:/program files (x86)/atmel/atmel studio 6.0/extensions/atmel/avrgcc/3.4.1.95/avrtoolchain/bin/../lib/gcc/avr/4.6.2/avr5\libgcc.a(_clear_bss.o)
 *(.data*)
 *(.rodata)
 *(.rodata*)
 *(.gnu.linkonce.d*)
                0x008000de                . = ALIGN (0x2)
                0x008000de                _edata = .
                0x008000de                PROVIDE (__data_end, .)

.bss            0x008000de        0xa
                0x008000de                PROVIDE (__bss_start, .)
 *(.bss)
 .bss           0x008000de        0x0 c:/program files (x86)/atmel/atmel studio 6.0/extensions/atmel/avrgcc/3.4.1.95/avrtoolchain/bin/../lib/gcc/avr/4.6.2/../../../../avr/lib/avr5/crtm32.o
 .bss           0x008000de        0x0 Dio_drives.o
 .bss           0x008000de        0x0 EEPROM drives.o
 .bss           0x008000de        0x5 great_safe_project.o
                0x008000de                latch5
                0x008000df                latch4
                0x008000e0                latch3
                0x008000e1                flag
                0x008000e2                latch1
 .bss           0x008000e3        0x0 kypad_drives.o
 .bss           0x008000e3        0x0 lcd_drives.o
 .bss           0x008000e3        0x0 motor_drives.o
 .bss           0x008000e3        0x0 putton_drives.o
 .bss           0x008000e3        0x0 c:/program files (x86)/atmel/atmel studio 6.0/extensions/atmel/avrgcc/3.4.1.95/avrtoolchain/bin/../lib/gcc/avr/4.6.2/avr5\libgcc.a(_exit.o)
 .bss           0x008000e3        0x0 c:/program files (x86)/atmel/atmel studio 6.0/extensions/atmel/avrgcc/3.4.1.95/avrtoolchain/bin/../lib/gcc/avr/4.6.2/avr5\libgcc.a(_copy_data.o)
 .bss           0x008000e3        0x0 c:/program files (x86)/atmel/atmel studio 6.0/extensions/atmel/avrgcc/3.4.1.95/avrtoolchain/bin/../lib/gcc/avr/4.6.2/avr5\libgcc.a(_clear_bss.o)
 *(.bss*)
 *(COMMON)
 COMMON         0x008000e3        0x5 great_safe_project.o
                0x008000e3                arr
                0x008000e8                PROVIDE (__bss_end, .)
                0x00001042                __data_load_start = LOADADDR (.data)
                0x000010c0                __data_load_end = (__data_load_start + SIZEOF (.data))

.noinit         0x008000e8        0x0
                0x008000e8                PROVIDE (__noinit_start, .)
 *(.noinit*)
                0x008000e8                PROVIDE (__noinit_end, .)
                0x008000e8                _end = .
                0x008000e8                PROVIDE (__heap_start, .)

.eeprom         0x00810000        0x0
 *(.eeprom*)
                0x00810000                __eeprom_end = .

.fuse
 *(.fuse)
 *(.lfuse)
 *(.hfuse)
 *(.efuse)

.lock
 *(.lock*)

.signature
 *(.signature*)

.stab           0x00000000      0x6cc
 *(.stab)
 .stab          0x00000000      0x6cc c:/program files (x86)/atmel/atmel studio 6.0/extensions/atmel/avrgcc/3.4.1.95/avrtoolchain/bin/../lib/gcc/avr/4.6.2/../../../../avr/lib/avr5/crtm32.o

.stabstr        0x00000000       0x85
 *(.stabstr)
 .stabstr       0x00000000       0x85 c:/program files (x86)/atmel/atmel studio 6.0/extensions/atmel/avrgcc/3.4.1.95/avrtoolchain/bin/../lib/gcc/avr/4.6.2/../../../../avr/lib/avr5/crtm32.o

.stab.excl
 *(.stab.excl)

.stab.exclstr
 *(.stab.exclstr)

.stab.index
 *(.stab.index)

.stab.indexstr
 *(.stab.indexstr)

.comment
 *(.comment)

.debug
 *(.debug)

.line
 *(.line)

.debug_srcinfo
 *(.debug_srcinfo)

.debug_sfnames
 *(.debug_sfnames)

.debug_aranges  0x00000000      0x140
 *(.debug_aranges)
 .debug_aranges
                0x00000000       0x20 Dio_drives.o
 .debug_aranges
                0x00000020       0x20 EEPROM drives.o
 .debug_aranges
                0x00000040       0x20 great_safe_project.o
 .debug_aranges
                0x00000060       0x20 kypad_drives.o
 .debug_aranges
                0x00000080       0x20 lcd_drives.o
 .debug_aranges
                0x000000a0       0x20 motor_drives.o
 .debug_aranges
                0x000000c0       0x20 putton_drives.o
 .debug_aranges
                0x000000e0       0x20 c:/program files (x86)/atmel/atmel studio 6.0/extensions/atmel/avrgcc/3.4.1.95/avrtoolchain/bin/../lib/gcc/avr/4.6.2/avr5\libgcc.a(_exit.o)
 .debug_aranges
                0x00000100       0x20 c:/program files (x86)/atmel/atmel studio 6.0/extensions/atmel/avrgcc/3.4.1.95/avrtoolchain/bin/../lib/gcc/avr/4.6.2/avr5\libgcc.a(_copy_data.o)
 .debug_aranges
                0x00000120       0x20 c:/program files (x86)/atmel/atmel studio 6.0/extensions/atmel/avrgcc/3.4.1.95/avrtoolchain/bin/../lib/gcc/avr/4.6.2/avr5\libgcc.a(_clear_bss.o)

.debug_pubnames
 *(.debug_pubnames)

.debug_info     0x00000000     0x1667
 *(.debug_info)
 .debug_info    0x00000000      0x30f Dio_drives.o
 .debug_info    0x0000030f       0xe2 EEPROM drives.o
 .debug_info    0x000003f1      0x7aa great_safe_project.o
 .debug_info    0x00000b9b      0x16f kypad_drives.o
 .debug_info    0x00000d0a      0x551 lcd_drives.o
 .debug_info    0x0000125b       0xcd motor_drives.o
 .debug_info    0x00001328       0xa8 putton_drives.o
 .debug_info    0x000013d0       0xdd c:/program files (x86)/atmel/atmel studio 6.0/extensions/atmel/avrgcc/3.4.1.95/avrtoolchain/bin/../lib/gcc/avr/4.6.2/avr5\libgcc.a(_exit.o)
 .debug_info    0x000014ad       0xdd c:/program files (x86)/atmel/atmel studio 6.0/extensions/atmel/avrgcc/3.4.1.95/avrtoolchain/bin/../lib/gcc/avr/4.6.2/avr5\libgcc.a(_copy_data.o)
 .debug_info    0x0000158a       0xdd c:/program files (x86)/atmel/atmel studio 6.0/extensions/atmel/avrgcc/3.4.1.95/avrtoolchain/bin/../lib/gcc/avr/4.6.2/avr5\libgcc.a(_clear_bss.o)
 *(.gnu.linkonce.wi.*)

.debug_abbrev   0x00000000      0x673
 *(.debug_abbrev)
 .debug_abbrev  0x00000000      0x109 Dio_drives.o
 .debug_abbrev  0x00000109       0x8a EEPROM drives.o
 .debug_abbrev  0x00000193      0x197 great_safe_project.o
 .debug_abbrev  0x0000032a       0xd2 kypad_drives.o
 .debug_abbrev  0x000003fc      0x174 lcd_drives.o
 .debug_abbrev  0x00000570       0x5a motor_drives.o
 .debug_abbrev  0x000005ca       0x6d putton_drives.o
 .debug_abbrev  0x00000637       0x14 c:/program files (x86)/atmel/atmel studio 6.0/extensions/atmel/avrgcc/3.4.1.95/avrtoolchain/bin/../lib/gcc/avr/4.6.2/avr5\libgcc.a(_exit.o)
 .debug_abbrev  0x0000064b       0x14 c:/program files (x86)/atmel/atmel studio 6.0/extensions/atmel/avrgcc/3.4.1.95/avrtoolchain/bin/../lib/gcc/avr/4.6.2/avr5\libgcc.a(_copy_data.o)
 .debug_abbrev  0x0000065f       0x14 c:/program files (x86)/atmel/atmel studio 6.0/extensions/atmel/avrgcc/3.4.1.95/avrtoolchain/bin/../lib/gcc/avr/4.6.2/avr5\libgcc.a(_clear_bss.o)

.debug_line     0x00000000      0xa85
 *(.debug_line)
 .debug_line    0x00000000      0x165 Dio_drives.o
 .debug_line    0x00000165       0xe9 EEPROM drives.o
 .debug_line    0x0000024e      0x34e great_safe_project.o
 .debug_line    0x0000059c       0x67 kypad_drives.o
 .debug_line    0x00000603      0x248 lcd_drives.o
 .debug_line    0x0000084b       0x4f motor_drives.o
 .debug_line    0x0000089a       0x44 putton_drives.o
 .debug_line    0x000008de       0x88 c:/program files (x86)/atmel/atmel studio 6.0/extensions/atmel/avrgcc/3.4.1.95/avrtoolchain/bin/../lib/gcc/avr/4.6.2/avr5\libgcc.a(_exit.o)
 .debug_line    0x00000966       0x91 c:/program files (x86)/atmel/atmel studio 6.0/extensions/atmel/avrgcc/3.4.1.95/avrtoolchain/bin/../lib/gcc/avr/4.6.2/avr5\libgcc.a(_copy_data.o)
 .debug_line    0x000009f7       0x8e c:/program files (x86)/atmel/atmel studio 6.0/extensions/atmel/avrgcc/3.4.1.95/avrtoolchain/bin/../lib/gcc/avr/4.6.2/avr5\libgcc.a(_clear_bss.o)

.debug_frame    0x00000000      0x390
 *(.debug_frame)
 .debug_frame   0x00000000       0xc4 Dio_drives.o
 .debug_frame   0x000000c4       0x34 EEPROM drives.o
 .debug_frame   0x000000f8       0xd4 great_safe_project.o
 .debug_frame   0x000001cc       0x7c kypad_drives.o
 .debug_frame   0x00000248       0xa0 lcd_drives.o
 .debug_frame   0x000002e8       0x74 motor_drives.o
 .debug_frame   0x0000035c       0x34 putton_drives.o

.debug_str      0x00000000      0x3d0
 *(.debug_str)
 .debug_str     0x00000000      0x158 Dio_drives.o
                                0x196 (size before relaxing)
 .debug_str     0x00000158       0xb0 EEPROM drives.o
                                0x12b (size before relaxing)
 .debug_str     0x00000208       0xb5 great_safe_project.o
                                0x198 (size before relaxing)
 .debug_str     0x000002bd       0x2c kypad_drives.o
                                0x134 (size before relaxing)
 .debug_str     0x000002e9       0x72 lcd_drives.o
                                0x1b8 (size before relaxing)
 .debug_str     0x0000035b       0x48 motor_drives.o
                                 0xcb (size before relaxing)
 .debug_str     0x000003a3       0x2d putton_drives.o
                                 0xab (size before relaxing)

.debug_loc      0x00000000     0x11f8
 *(.debug_loc)
 .debug_loc     0x00000000      0x577 Dio_drives.o
 .debug_loc     0x00000577       0x24 EEPROM drives.o
 .debug_loc     0x0000059b      0x830 great_safe_project.o
 .debug_loc     0x00000dcb      0x1ae kypad_drives.o
 .debug_loc     0x00000f79      0x133 lcd_drives.o
 .debug_loc     0x000010ac      0x100 motor_drives.o
 .debug_loc     0x000011ac       0x4c putton_drives.o

.debug_macinfo
 *(.debug_macinfo)
OUTPUT(great_safe_project.elf elf32-avr)
LOAD linker stubs
